// Jest Snapshot v1, https://goo.gl/fbAQLP

exports[`App component renders App 1`] = `
<BrowserRouter>
  <Switch>
    <Route
      component={[Function]}
      exact={true}
      path="/"
    />
    <Route
      component={[Function]}
      path="/lyrics/:name/:title"
    />
    <Route
      component={[Function]}
      path="/artist/:id/:name"
    />
    <Route
      component={[Function]}
      path="/release/:id/:name"
    />
  </Switch>
</BrowserRouter>
`;
